<html>
<body>
<pre>
<h1>µVision Build Log</h1>
<h2>Tool Versions:</h2>
IDE-Version: ¦ÌVision V5.39.0.0
Copyright (C) 2023 ARM Ltd and ARM Germany GmbH. All rights reserved.
License Information: 1 XWJ
1
User-based license: Keil MDK Community (non-commercial free of charge)
Valid until: Jun 1 2033. Cached until: Apr 14 2024
 
Tool Versions:
Toolchain:       Keil MDK Community (non-commercial free of charge  Version: 5.39.0.0
Toolchain Path:  E:\01_Work_software\Keil\Keil5_Community\core\ARM\ARMCLANG\Bin
C Compiler:      ArmClang.exe V6.21
Assembler:       Armasm.exe V6.21
Linker/Locator:  ArmLink.exe V6.21
Library Manager: ArmAr.exe V6.21
Hex Converter:   FromElf.exe V6.21
CPU DLL:         SARMCM3.DLL V5.39.0.0
Dialog DLL:      DCM.DLL V1.17.5.0
Target DLL:      Segger\JL2CM3.dll V2.99.43.0
Dialog DLL:      TCM.DLL V1.56.4.0
 
<h2>Project:</h2>
F:\03_DOC\Keil\Project\HAL\ADS1256_C8T6_2024_1_12\ADS1256_C8T6_2024_1_8\MDK-ARM\ADS1256_C8T6_2024_1_8.uvprojx
Project File Date:  04/04/2024

<h2>Output:</h2>
*** Using Compiler 'V6.21', folder: 'E:\01_Work_software\Keil\Keil5_Community\core\ARM\ARMCLANG\Bin'
Build target 'ADS1256_C8T6_2024_1_8'
compiling main.c...
linking...
Program Size: Code=13820 RO-data=312 RW-data=16 ZI-data=1264  
FromELF: creating hex file...
"ADS1256_C8T6_2024_1_8\ADS1256_C8T6_2024_1_8.axf" - 0 Error(s), 0 Warning(s).

<h2>Software Packages used:</h2>

Package Vendor: ARM
                http://www.keil.com/pack/ARM.CMSIS.5.9.0.pack
                ARM::CMSIS@5.9.0
                CMSIS (Common Microcontroller Software Interface Standard)
   * Component: CORE Version: 5.6.0

Package Vendor: Keil
                https://www.keil.com/pack/Keil.STM32F1xx_DFP.2.4.1.pack
                Keil::STM32F1xx_DFP@2.4.1
                STMicroelectronics STM32F1 Series Device Support, Drivers and Examples

<h2>Collection of Component include folders:</h2>
  ./RTE/_ADS1256_C8T6_2024_1_8
  E:/01_Work_software/Keil/Keil5_Community/pack/ARM/CMSIS/5.9.0/CMSIS/Core/Include
  E:/01_Work_software/Keil/Keil5_Community/pack/Keil/STM32F1xx_DFP/2.4.1/Device/Include

<h2>Collection of Component Files used:</h2>

   * Component: ARM::CMSIS:CORE@5.6.0
      Include file:  CMSIS/Core/Include/tz_context.h
Build Time Elapsed:  00:00:01
</pre>
</body>
</html>
